{"level":"info","message":"New User Login: n.bohannan@palhealth.com - IP Address: ::1 - Fri Sep 06 2019 07:02:12 GMT-0700"}
{"level":"warn","message":"User n.bohannan@palhealth.com (::1) has accessed the admin page and has successfully changed account numbers!"}
{"level":"warn","message":"User n.bohannan@palhealth.com (::1) has accessed the admin page and has successfully changed account numbers!"}
{"level":"warn","message":"User n.bohannan@palhealth.com (::1) has accessed the admin page and has successfully changed account numbers!"}
{"level":"info","message":"New User Login: n.bohannan@palhealth.com - IP Address: ::1 - Fri Sep 06 2019 07:19:20 GMT-0700"}
{"level":"info","message":"New User Login: n.bohannan@palhealth.com - IP Address: ::1 - Fri Sep 06 2019 07:50:48 GMT-0700"}
{"level":"info","message":"New User Login: n.bohannan@palhealth.com - IP Address: 10.60.0.202:50569 - Fri Sep 06 2019 07:57:26 GMT-0700"}
{"level":"warn","message":"Fri Sep 06 2019 08:19:58 GMT-0700 - User n.bohannan@palhealth.com (::1) has accessed the admin page and has successfully accessed the following account numbers: 0005070000, , , "}
{"level":"warn","message":"Fri Sep 06 2019 08:21:56 GMT-0700 - User n.bohannan@palhealth.com (::1) has accessed the admin page and has successfully accessed the following account numbers: 0005070000, , , "}
{"level":"warn","message":"Fri Sep 06 2019 08:24:28 GMT-0700 - User n.bohannan@palhealth.com (10.60.0.202:50651) has accessed the admin page and has successfully accessed the following account numbers: 0005070000, , , "}
{"level":"info","message":"New User Login: n.bohannan@palhealth.com - IP Address: 10.60.0.202:50696 - Fri Sep 06 2019 08:40:30 GMT-0700"}
{"level":"warn","message":"Fri Sep 06 2019 09:09:37 GMT-0700 - User n.bohannan@palhealth.com (10.60.0.202:50861) has accessed the admin page and has successfully accessed the following account numbers: 0000879604, , , "}
{"level":"info","message":"New User Login: n.bohannan@palhealth.com - IP Address: 10.60.0.202:50919 - Fri Sep 06 2019 09:22:09 GMT-0700"}
{"level":"info","message":"New User Login: n.bohannan@palhealth.com - IP Address: 10.60.0.238:52024 - Fri Sep 06 2019 09:24:05 GMT-0700"}
{"level":"info","message":"New User Login: n.bohannan@palhealth.com - IP Address: 10.60.0.202:51150 - Fri Sep 06 2019 09:57:42 GMT-0700"}
{"level":"info","message":"New User Login: n.bohannan@palhealth.com - IP Address: 10.60.0.202:51150 - Fri Sep 06 2019 09:59:25 GMT-0700"}
{"level":"info","message":"New User Login: n.bohannan@palhealth.com - IP Address: 10.60.0.202:51796 - Fri Sep 06 2019 11:35:09 GMT-0700"}
{"level":"info","message":"New User Login: n.bohannan@palhealth.com - IP Address: 10.60.0.202:51850 - Fri Sep 06 2019 11:48:26 GMT-0700"}
{"level":"info","message":"Fri Sep 06 2019 11:54:23 GMT-0700 - a new account has been created. User Email: x@x.com - Name: x x - Accounts: 0002792401, 0002792404, , "}
{"level":"info","message":"New User Login: x@x.com - IP Address: 10.60.0.202:51870 - Fri Sep 06 2019 11:54:53 GMT-0700"}
{"level":"info","message":"New User Login: n.bohannan@palhealth.com - IP Address: 10.60.0.202:52033 - Fri Sep 06 2019 12:24:56 GMT-0700"}
{"level":"info","message":"New User Login: n.bohannan@palhealth.com - IP Address: 10.60.0.202:52033 - Fri Sep 06 2019 12:26:05 GMT-0700"}
{"level":"info","message":"New User Login: x@x.com - IP Address: undefined - Fri Sep 06 2019 12:28:02 GMT-0700"}
{"level":"info","message":"New User Login: n.bohannan@palhealth.com - IP Address: 10.60.0.202:52250 - Fri Sep 06 2019 13:21:30 GMT-0700"}
{"level":"info","message":"Fri Sep 06 2019 13:22:33 GMT-0700 - user n.bohannan@palhealth.com (10.60.0.202:52250) has requested a passoword reset and email has been sent."}
{"level":"info","message":"Fri Sep 06 2019 13:30:02 GMT-0700 - user n.bohannan@palhealth.com (10.60.0.202:52271) has requested a passoword reset and email has been sent."}
{"level":"info","message":"Fri Sep 06 2019 13:30:45 GMT-0700 - user n.bohannan@palhealth.com (10.60.0.202:52271) has successfully changed passwords."}
{"level":"info","message":"New User Login: n.bohannan@palhealth.com - IP Address: 10.60.0.202:52271 - Fri Sep 06 2019 13:30:58 GMT-0700"}
{"level":"info","message":"New User Login: x@x.com - IP Address: undefined - Fri Sep 06 2019 16:21:50 GMT-0700"}
{"level":"info","message":"New User Login: sean@palhealth.com - IP Address: 10.60.0.122:59269 - Mon Sep 09 2019 05:43:40 GMT-0700"}
{"level":"info","message":"New User Login: n.bohannan@palhealth.com - IP Address: 10.60.0.202:57739 - Mon Sep 09 2019 10:50:16 GMT-0700"}
{"level":"info","message":"Tue Sep 10 2019 08:54:07 GMT-0700 - a new account has been created. User Email: n.bohannan@palhealth.com - Name: Nick Bohannan - Username: jiva86 - Accounts: 0333388401, , , "}
{"level":"info","message":"New User Login: jiva86 - IP Address: undefined - Tue Sep 10 2019 08:54:19 GMT-0700"}
{"level":"warn","message":"Tue Sep 10 2019 08:55:19 GMT-0700 - User jiva86 (n.bohannan@palhealth.com) (undefined) has accessed the admin page and has successfully accessed the following account numbers: 0005070000, , , "}
{"level":"info","message":"New User Login: jiva86 - IP Address: undefined - Tue Sep 10 2019 09:13:04 GMT-0700"}
{"level":"info","message":"New User Login: jiva86 - IP Address: undefined - Tue Sep 10 2019 09:23:31 GMT-0700"}
{"level":"info","message":"New User Login: jiva86 - IP Address: undefined - Tue Sep 10 2019 11:02:58 GMT-0700"}
{"level":"info","message":"New User Login: jiva86 - IP Address: undefined - Tue Sep 10 2019 11:03:15 GMT-0700"}
{"level":"info","message":"New User Login: jiva86 - IP Address: undefined - Tue Sep 10 2019 11:29:15 GMT-0700"}
{"level":"info","message":"New User Login: jiva86 - IP Address: 10.60.0.202:50376 - Tue Sep 10 2019 14:26:54 GMT-0700"}
{"level":"info","message":"New User Login: jiva86 - IP Address: 10.60.0.202:52188 - Wed Sep 11 2019 06:19:39 GMT-0700"}
{"level":"info","message":"Wed Sep 11 2019 06:23:49 GMT-0700 - a new account has been created. User Email: n.bohannan@palhealth.com - Name: Test1 Test1 - Username: Test1 - Accounts: 0001908005, , , "}
{"level":"info","message":"New User Login: Test1 - IP Address: 10.60.0.202:52204 - Wed Sep 11 2019 06:24:03 GMT-0700"}
{"level":"info","message":"Wed Sep 11 2019 06:59:28 GMT-0700 - a new account has been created. User Email: c.chambers@palhealth.com - Name: Cyndi  Chambers - Username: cynditest - Accounts: 0333388401, , , "}
{"level":"info","message":"New User Login: cynditest - IP Address: 10.60.0.202:64097 - Wed Sep 11 2019 06:59:36 GMT-0700"}
{"level":"info","message":"Wed Sep 11 2019 07:05:32 GMT-0700 - a new account has been created. User Email: h.legel@palhealth.com - Name: Heidi Legel - Username: heiditest - Accounts: 0333515301, , , "}
{"level":"info","message":"New User Login: heiditest - IP Address: 10.60.0.202:64120 - Wed Sep 11 2019 07:05:45 GMT-0700"}
{"level":"info","message":"New User Login: heiditest - IP Address: 10.60.0.202:64173 - Wed Sep 11 2019 07:06:16 GMT-0700"}
{"level":"info","message":"Wed Sep 11 2019 07:21:19 GMT-0700 - a new account has been created. User Email: p.stout@palhealth.com - Name: Penny Stout - Username: pennytest - Accounts: 0004352908, , , "}
{"level":"info","message":"New User Login: pennytest - IP Address: 10.60.0.202:64305 - Wed Sep 11 2019 07:21:28 GMT-0700"}
{"level":"info","message":"Wed Sep 11 2019 07:22:56 GMT-0700 - a new account has been created. User Email: j.robertson@palhealth.com - Name: Josh Robertson - Username: joshtest - Accounts: 0344446504, , , "}
{"level":"info","message":"New User Login: joshtest - IP Address: 10.60.0.202:64305 - Wed Sep 11 2019 07:23:09 GMT-0700"}
{"level":"info","message":"Wed Sep 11 2019 07:25:59 GMT-0700 - a new account has been created. User Email: r.goodwin@palhealth.com - Name: Roger Goodwin - Username: rogertest - Accounts: 0001775400, , , "}
{"level":"info","message":"New User Login: rogertest - IP Address: 10.60.0.202:64305 - Wed Sep 11 2019 07:26:09 GMT-0700"}
{"level":"info","message":"Wed Sep 11 2019 07:28:43 GMT-0700 - a new account has been created. User Email: t.swaim@palhealth.com - Name: Tim Swaim - Username: timtest - Accounts: 0005906800, , , "}
{"level":"info","message":"New User Login: timtest - IP Address: 10.60.0.202:64306 - Wed Sep 11 2019 07:28:49 GMT-0700"}
{"level":"info","message":"New User Login: jiva86 - IP Address: 10.60.0.202:64569 - Wed Sep 11 2019 07:47:35 GMT-0700"}
{"level":"info","message":"Wed Sep 11 2019 07:48:09 GMT-0700 - user n.bohannan@palhealth.com (10.60.0.202:64570) has sent a reorder email for 01190749-02 to customer service."}
{"level":"info","message":"New User Login: jiva86 - IP Address: 10.60.0.202:64643 - Wed Sep 11 2019 08:04:05 GMT-0700"}
{"level":"info","message":"Wed Sep 11 2019 08:04:31 GMT-0700 - user jiva86 (n.bohannan@palhealth.com) (10.60.0.202:64640) has sent a reorder email for 01652282-00 to customer service."}
{"level":"info","message":"Wed Sep 11 2019 08:07:40 GMT-0700 - user n.bohannan@palhealth.com (10.60.0.202:64677) has requested a password reset and email has been sent."}
{"level":"info","message":"Wed Sep 11 2019 08:08:20 GMT-0700 - user jiva86 (n.bohannan@palhealth.com) (10.60.0.202:64676) has successfully changed passwords."}
{"level":"info","message":"New User Login: jiva86 - IP Address: 10.60.0.202:64677 - Wed Sep 11 2019 08:08:26 GMT-0700"}
{"level":"info","message":"New User Login: jiva86 - IP Address: 10.60.0.202:64754 - Wed Sep 11 2019 08:36:00 GMT-0700"}
{"level":"info","message":"New User Login: heiditest - IP Address: 10.60.0.202:64754 - Wed Sep 11 2019 08:36:35 GMT-0700"}
{"level":"info","message":"New User Login: pennytest - IP Address: 10.60.0.148:59347 - Wed Sep 11 2019 09:24:02 GMT-0700"}
{"level":"info","message":"Wed Sep 11 2019 09:29:07 GMT-0700 - user pennytest (p.stout@palhealth.com) (10.60.0.148:59348) has sent a reorder email for 01642232-00 to customer service."}
{"level":"info","message":"Wed Sep 11 2019 09:33:09 GMT-0700 - user pennytest (p.stout@palhealth.com) (10.60.0.148:59380) has sent a reorder email for 01650827-00 to customer service."}
{"level":"info","message":"Wed Sep 11 2019 09:35:23 GMT-0700 - user pennytest (p.stout@palhealth.com) (10.60.0.148:59379) has sent a reorder email for 01653440-00 to customer service."}
{"level":"info","message":"New User Login: cynditest - IP Address: 10.60.0.209:61717 - Wed Sep 11 2019 09:40:31 GMT-0700"}
{"level":"info","message":"New User Login: timtest - IP Address: 10.60.0.114:53860 - Wed Sep 11 2019 09:49:18 GMT-0700"}
{"level":"info","message":"New User Login: jiva86 - IP Address: 10.60.0.144:58048 - Wed Sep 11 2019 10:05:51 GMT-0700"}
{"level":"info","message":"Wed Sep 11 2019 10:12:57 GMT-0700 - a new account has been created. User Email: s.matthews@palhealth.com - Name: Sean Matthews - Username: s.matthews - Accounts: 0333649101, , , "}
{"level":"info","message":"New User Login: s.matthews - IP Address: 10.60.0.202:65259 - Wed Sep 11 2019 10:13:04 GMT-0700"}
{"level":"info","message":"New User Login: s.matthews - IP Address: 10.60.0.122:61097 - Wed Sep 11 2019 10:28:30 GMT-0700"}
{"level":"info","message":"New User Login: s.matthews - IP Address: 174.221.8.141:1611 - Wed Sep 11 2019 10:31:10 GMT-0700"}
{"level":"info","message":"Wed Sep 11 2019 11:15:11 GMT-0700 - a new account has been created. User Email: a@a.com - Name: a a - Username: a - Accounts: 0005070000, , , "}
{"level":"info","message":"New User Login: a - IP Address: 10.60.0.202:65429 - Wed Sep 11 2019 11:15:26 GMT-0700"}
{"level":"info","message":"New User Login: a - IP Address: 10.60.0.202:49154 - Wed Sep 11 2019 11:28:08 GMT-0700"}
{"level":"info","message":"Wed Sep 11 2019 11:29:04 GMT-0700 - a new account has been created. User Email: n.bohannan@palhealth.com - Name: Nick Bohannan - Username: n.bohannan - Accounts: 0005070000, , , "}
{"level":"info","message":"New User Login: n.bohannan - IP Address: 10.60.0.202:49155 - Wed Sep 11 2019 11:29:14 GMT-0700"}
{"level":"info","message":"Wed Sep 11 2019 11:29:29 GMT-0700 - user n.bohannan@palhealth.com (10.60.0.202:49155) has requested a password reset and email has been sent."}
{"level":"info","message":"Wed Sep 11 2019 11:33:03 GMT-0700 - user n.bohannan (n.bohannan@palhealth.com) (10.60.0.202:49162) has successfully changed passwords."}
{"level":"info","message":"New User Login: n.bohannan - IP Address: 10.60.0.202:49162 - Wed Sep 11 2019 11:33:18 GMT-0700"}
{"level":"info","message":"Wed Sep 11 2019 12:15:29 GMT-0700 - a new account has been created. User Email: h.legel@palhealth.com - Name: Heidi Legel - Username: heiditest - Accounts: 0005070000, , , "}
{"level":"info","message":"New User Login: heiditest - IP Address: 10.60.0.202:49306 - Wed Sep 11 2019 12:15:38 GMT-0700"}
{"level":"info","message":"Wed Sep 11 2019 12:19:10 GMT-0700 - a new account has been created. User Email: c.chambers@palhealth.com - Name: Cyndi Chambers - Username: cynditest - Accounts: 0333623801, , , "}
{"level":"info","message":"Wed Sep 11 2019 12:20:27 GMT-0700 - a new account has been created. User Email: p.stout@palhealth.com - Name: Penny Stout - Username: pennytest - Accounts: 0333515301, , , "}
{"level":"info","message":"New User Login: pennytest - IP Address: 10.60.0.202:49315 - Wed Sep 11 2019 12:20:46 GMT-0700"}
{"level":"info","message":"Wed Sep 11 2019 12:22:34 GMT-0700 - a new account has been created. User Email: j.robertson@palhealth.com - Name: Josh Robertson - Username: joshtest - Accounts: 0333388401, , , "}
{"level":"info","message":"New User Login: joshtest - IP Address: 10.60.0.202:49315 - Wed Sep 11 2019 12:22:47 GMT-0700"}
{"level":"info","message":"Wed Sep 11 2019 12:23:46 GMT-0700 - a new account has been created. User Email: r.goodwin@palhealth.com - Name: Roger Goodwin - Username: rogertest - Accounts: 0333623801, , , "}
{"level":"info","message":"Wed Sep 11 2019 12:24:40 GMT-0700 - a new account has been created. User Email: t.swaim@palhealth.com - Name: Tim Swaim - Username: timtest - Accounts: 0000568802, , , "}
{"level":"info","message":"Wed Sep 11 2019 12:25:34 GMT-0700 - a new account has been created. User Email: s.matthews@palhealth.com - Name: Sean Matthews - Username: seantest - Accounts: 0333649101, , , "}
{"level":"info","message":"New User Login: cynditest - IP Address: 10.60.0.209:64020 - Wed Sep 11 2019 12:33:16 GMT-0700"}
{"level":"info","message":"New User Login: joshtest - IP Address: 10.60.0.195:50921 - Wed Sep 11 2019 14:08:36 GMT-0700"}
{"level":"info","message":"Thu Sep 12 2019 05:56:25 GMT-0700 - user s.matthews@palhealth.com (10.60.0.122:63587) has requested a password reset and email has been sent."}
{"level":"info","message":"Thu Sep 12 2019 06:02:00 GMT-0700 - user s.matthews@palhealth.com (10.60.0.122:63680) has requested a password reset and email has been sent."}
{"level":"info","message":"Thu Sep 12 2019 06:02:29 GMT-0700 - user seantest (s.matthews@palhealth.com) (10.60.0.122:63679) has successfully changed passwords."}
{"level":"info","message":"New User Login: seantest - IP Address: 10.60.0.122:63680 - Thu Sep 12 2019 06:02:42 GMT-0700"}
{"level":"info","message":"New User Login: n.bohannan - IP Address: 10.60.0.202:51433 - Thu Sep 12 2019 06:24:40 GMT-0700"}
{"level":"info","message":"New User Login: n.bohannan - IP Address: 10.60.0.202:51668 - Thu Sep 12 2019 07:15:58 GMT-0700"}
{"level":"info","message":"New User Login: n.bohannan - IP Address: 10.60.0.202:51707 - Thu Sep 12 2019 07:33:04 GMT-0700"}
{"level":"info","message":"Thu Sep 12 2019 07:35:55 GMT-0700 - user n.bohannan@palhealth.com (10.60.0.202:51794) has requested a password reset and email has been sent."}
{"level":"info","message":"Thu Sep 12 2019 07:36:56 GMT-0700 - user n.bohannan (n.bohannan@palhealth.com) (10.60.0.202:51707) has successfully changed passwords."}
{"level":"info","message":"New User Login: n.bohannan - IP Address: 10.60.0.202:51832 - Thu Sep 12 2019 07:39:08 GMT-0700"}
{"level":"info","message":"New User Login: n.bohannan - IP Address: 10.60.0.202:52112 - Thu Sep 12 2019 08:33:07 GMT-0700"}
{"level":"info","message":"New User Login: n.bohannan - IP Address: 10.60.0.202:52132 - Thu Sep 12 2019 08:36:17 GMT-0700"}
{"level":"info","message":"New User Login: n.bohannan - IP Address: 10.60.0.202:52132 - Thu Sep 12 2019 08:37:03 GMT-0700"}
{"level":"warn","message":"Thu Sep 12 2019 08:54:01 GMT-0700 - User n.bohannan (n.bohannan@palhealth.com) (10.60.0.202:52332) has accessed the admin page and has successfully accessed the following account numbers: 0344446504, , , "}
